2025-08-08 08:53:00 | DEBUG | repo=a4m36jee-2014-cdi-seminar | action=commit
2025-07-16 07:24:00 | WARN | repo=a4m36jee-2014-cdi-seminar | action=commit
2025-02-22 07:52:00 | WARN | repo=a4m36jee-2014-cdi-seminar | action=commit
2025-11-03 07:06:00 | INFO | repo=a4m36jee-2014-cdi-seminar | action=commit
2025-04-03 08:11:00 | DEBUG | repo=a4m36jee-2014-cdi-seminar | action=commit
2025-10-19 14:21:00 | WARN | repo=a4m36jee-2014-cdi-seminar | action=commit
2025-08-09 07:35:00 | INFO | repo=a4m36jee-2014-cdi-seminar | action=edit | files=4
2025-03-22 08:23:00 | DEBUG | repo=a4m36jee-2014-cdi-seminar | action=commit
2025-09-25 10:06:00 | WARN | repo=a4m36jee-2014-cdi-seminar | action=commit
2025-04-05 19:54:00 | WARN | repo=a4m36jee-2014-cdi-seminar | action=commit
2025-01-24 13:20:00 | INFO | repo=a4m36jee-2014-cdi-seminar | action=commit
2025-09-20 21:35:00 | INFO | repo=a4m36jee-2014-cdi-seminar | action=commit
2025-11-04 18:27:00 | WARN | repo=a4m36jee-2014-cdi-seminar | action=commit
2025-12-01 13:57:00 | DEBUG | repo=a4m36jee-2014-cdi-seminar | action=commit
2025-02-24 08:38:00 | DEBUG | repo=a4m36jee-2014-cdi-seminar | action=commit
2025-05-13 11:50:00 | DEBUG | repo=a4m36jee-2014-cdi-seminar | action=pull
2025-05-27 14:35:00 | WARN | repo=a4m36jee-2014-cdi-seminar | action=test | passed=true
2025-04-01 14:10:00 | INFO | repo=a4m36jee-2014-cdi-seminar | action=commit
2025-01-21 14:29:00 | WARN | repo=a4m36jee-2014-cdi-seminar | action=commit
2025-05-26 14:37:00 | WARN | repo=a4m36jee-2014-cdi-seminar | action=edit | files=3
2025-09-25 21:50:00 | INFO | repo=a4m36jee-2014-cdi-seminar | action=commit
2025-11-23 16:30:00 | INFO | repo=a4m36jee-2014-cdi-seminar | action=pull
2025-10-11 20:21:00 | WARN | repo=a4m36jee-2014-cdi-seminar | action=commit
2025-06-16 16:25:00 | DEBUG | repo=a4m36jee-2014-cdi-seminar | action=commit
2025-12-13 19:24:00 | WARN | repo=a4m36jee-2014-cdi-seminar | action=test | passed=true
2025-11-18 11:31:00 | WARN | repo=a4m36jee-2014-cdi-seminar | action=commit
2025-12-21 12:57:00 | DEBUG | repo=a4m36jee-2014-cdi-seminar | action=pull
2025-07-06 18:23:00 | INFO | repo=a4m36jee-2014-cdi-seminar | action=commit
2025-08-23 13:50:00 | INFO | repo=a4m36jee-2014-cdi-seminar | action=commit
2025-12-24 15:02:00 | DEBUG | repo=a4m36jee-2014-cdi-seminar | action=commit
2025-10-08 10:51:00 | DEBUG | repo=a4m36jee-2014-cdi-seminar | action=commit
2025-09-05 19:58:00 | DEBUG | repo=a4m36jee-2014-cdi-seminar | action=commit
2025-06-24 07:51:00 | DEBUG | repo=a4m36jee-2014-cdi-seminar | action=commit
2025-04-21 21:51:00 | WARN | repo=a4m36jee-2014-cdi-seminar | action=commit
2025-03-22 17:35:00 | DEBUG | repo=a4m36jee-2014-cdi-seminar | action=test | passed=true
2025-06-17 11:49:00 | WARN | repo=a4m36jee-2014-cdi-seminar | action=commit
2025-06-13 19:43:00 | WARN | repo=a4m36jee-2014-cdi-seminar | action=commit
2025-11-16 19:41:00 | DEBUG | repo=a4m36jee-2014-cdi-seminar | action=commit
2025-07-02 11:37:00 | DEBUG | repo=a4m36jee-2014-cdi-seminar | action=commit
2025-05-01 21:28:00 | WARN | repo=a4m36jee-2014-cdi-seminar | action=commit
2025-05-01 13:35:00 | INFO | repo=a4m36jee-2014-cdi-seminar | action=pull
2025-05-03 13:15:00 | INFO | repo=a4m36jee-2014-cdi-seminar | action=commit
